Archive member included to satisfy reference by file (symbol)

c:/program files (x86)/atmel/studio/7.0/toolchain/avr8/avr8-gnu-toolchain/bin/../lib/gcc/avr/5.4.0/../../../../avr/lib/avr51\libm.a(addsf3.o)
                              MPPT_PCB_MCU__IV_Trans.o (__subsf3)
c:/program files (x86)/atmel/studio/7.0/toolchain/avr8/avr8-gnu-toolchain/bin/../lib/gcc/avr/5.4.0/../../../../avr/lib/avr51\libm.a(addsf3x.o)
                              c:/program files (x86)/atmel/studio/7.0/toolchain/avr8/avr8-gnu-toolchain/bin/../lib/gcc/avr/5.4.0/../../../../avr/lib/avr51\libm.a(addsf3.o) (__addsf3x)
c:/program files (x86)/atmel/studio/7.0/toolchain/avr8/avr8-gnu-toolchain/bin/../lib/gcc/avr/5.4.0/../../../../avr/lib/avr51\libm.a(cmpsf2.o)
                              MPPT_PCB_MCU__LOAD_CTR.o (__nesf2)
c:/program files (x86)/atmel/studio/7.0/toolchain/avr8/avr8-gnu-toolchain/bin/../lib/gcc/avr/5.4.0/../../../../avr/lib/avr51\libm.a(divsf3.o)
                              MPPT_PCB_MCU__IV_Trans.o (__divsf3)
c:/program files (x86)/atmel/studio/7.0/toolchain/avr8/avr8-gnu-toolchain/bin/../lib/gcc/avr/5.4.0/../../../../avr/lib/avr51\libm.a(divsf3x.o)
                              c:/program files (x86)/atmel/studio/7.0/toolchain/avr8/avr8-gnu-toolchain/bin/../lib/gcc/avr/5.4.0/../../../../avr/lib/avr51\libm.a(divsf3.o) (__divsf3x)
c:/program files (x86)/atmel/studio/7.0/toolchain/avr8/avr8-gnu-toolchain/bin/../lib/gcc/avr/5.4.0/../../../../avr/lib/avr51\libm.a(exp.o)
                              MPPT_PCB_MCU__TEMP.o (exp)
c:/program files (x86)/atmel/studio/7.0/toolchain/avr8/avr8-gnu-toolchain/bin/../lib/gcc/avr/5.4.0/../../../../avr/lib/avr51\libm.a(fixsfsi.o)
                              MPPT_PCB_MCU__com.o (__fixsfsi)
c:/program files (x86)/atmel/studio/7.0/toolchain/avr8/avr8-gnu-toolchain/bin/../lib/gcc/avr/5.4.0/../../../../avr/lib/avr51\libm.a(fixunssfsi.o)
                              MPPT_PCB_MCU__IV_Trans.o (__fixunssfsi)
c:/program files (x86)/atmel/studio/7.0/toolchain/avr8/avr8-gnu-toolchain/bin/../lib/gcc/avr/5.4.0/../../../../avr/lib/avr51\libm.a(floatsisf.o)
                              MPPT_PCB_MCU__IV_Trans.o (__floatunsisf)
c:/program files (x86)/atmel/studio/7.0/toolchain/avr8/avr8-gnu-toolchain/bin/../lib/gcc/avr/5.4.0/../../../../avr/lib/avr51\libm.a(fp_cmp.o)
                              c:/program files (x86)/atmel/studio/7.0/toolchain/avr8/avr8-gnu-toolchain/bin/../lib/gcc/avr/5.4.0/../../../../avr/lib/avr51\libm.a(cmpsf2.o) (__fp_cmp)
c:/program files (x86)/atmel/studio/7.0/toolchain/avr8/avr8-gnu-toolchain/bin/../lib/gcc/avr/5.4.0/../../../../avr/lib/avr51\libm.a(fp_inf.o)
                              c:/program files (x86)/atmel/studio/7.0/toolchain/avr8/avr8-gnu-toolchain/bin/../lib/gcc/avr/5.4.0/../../../../avr/lib/avr51\libm.a(addsf3x.o) (__fp_inf)
c:/program files (x86)/atmel/studio/7.0/toolchain/avr8/avr8-gnu-toolchain/bin/../lib/gcc/avr/5.4.0/../../../../avr/lib/avr51\libm.a(fp_nan.o)
                              c:/program files (x86)/atmel/studio/7.0/toolchain/avr8/avr8-gnu-toolchain/bin/../lib/gcc/avr/5.4.0/../../../../avr/lib/avr51\libm.a(addsf3x.o) (__fp_nan)
c:/program files (x86)/atmel/studio/7.0/toolchain/avr8/avr8-gnu-toolchain/bin/../lib/gcc/avr/5.4.0/../../../../avr/lib/avr51\libm.a(fp_powser.o)
                              c:/program files (x86)/atmel/studio/7.0/toolchain/avr8/avr8-gnu-toolchain/bin/../lib/gcc/avr/5.4.0/../../../../avr/lib/avr51\libm.a(exp.o) (__fp_powser)
c:/program files (x86)/atmel/studio/7.0/toolchain/avr8/avr8-gnu-toolchain/bin/../lib/gcc/avr/5.4.0/../../../../avr/lib/avr51\libm.a(fp_pscA.o)
                              c:/program files (x86)/atmel/studio/7.0/toolchain/avr8/avr8-gnu-toolchain/bin/../lib/gcc/avr/5.4.0/../../../../avr/lib/avr51\libm.a(addsf3x.o) (__fp_pscA)
c:/program files (x86)/atmel/studio/7.0/toolchain/avr8/avr8-gnu-toolchain/bin/../lib/gcc/avr/5.4.0/../../../../avr/lib/avr51\libm.a(fp_pscB.o)
                              c:/program files (x86)/atmel/studio/7.0/toolchain/avr8/avr8-gnu-toolchain/bin/../lib/gcc/avr/5.4.0/../../../../avr/lib/avr51\libm.a(addsf3x.o) (__fp_pscB)
c:/program files (x86)/atmel/studio/7.0/toolchain/avr8/avr8-gnu-toolchain/bin/../lib/gcc/avr/5.4.0/../../../../avr/lib/avr51\libm.a(fp_round.o)
                              c:/program files (x86)/atmel/studio/7.0/toolchain/avr8/avr8-gnu-toolchain/bin/../lib/gcc/avr/5.4.0/../../../../avr/lib/avr51\libm.a(addsf3.o) (__fp_round)
c:/program files (x86)/atmel/studio/7.0/toolchain/avr8/avr8-gnu-toolchain/bin/../lib/gcc/avr/5.4.0/../../../../avr/lib/avr51\libm.a(fp_split3.o)
                              c:/program files (x86)/atmel/studio/7.0/toolchain/avr8/avr8-gnu-toolchain/bin/../lib/gcc/avr/5.4.0/../../../../avr/lib/avr51\libm.a(addsf3x.o) (__fp_split3)
c:/program files (x86)/atmel/studio/7.0/toolchain/avr8/avr8-gnu-toolchain/bin/../lib/gcc/avr/5.4.0/../../../../avr/lib/avr51\libm.a(fp_zero.o)
[...]
Memory Configuration

Name             Origin             Length             Attributes
text             0x00000000         0x00020000         xr
data             0x00800100         0x00004000         rw !x
eeprom           0x00810000         0x00001000         rw !x
fuse             0x00820000         0x00000003         rw !x
lock             0x00830000         0x00000400         rw !x
signature        0x00840000         0x00000400         rw !x
user_signatures  0x00850000         0x00000400         rw !x
*default*        0x00000000         0xffffffff

Linker script and memory map

Address of section .data set to 0x800100
LOAD C:/Program Files (x86)/Atmel/Studio/7.0/Packs/atmel/ATmega_DFP/1.7.374/gcc/dev/atmega1284/avr51/crtatmega1284.o
LOAD MPPT_PCB_MCU__IV_Trans.o
LOAD MPPT_PCB_MCU__PI_CTR.o
LOAD MPPT_PCB_MCU__com.o
LOAD MPPT_PCB_MCU__EROM.o
LOAD MPPT_PCB_MCU__IO.o
LOAD MPPT_PCB_MCU__Main.o
LOAD MPPT_PCB_MCU__LOAD_CTR.o
LOAD MPPT_PCB_MCU__Range.o
LOAD MPPT_PCB_MCU__TEMP.o
START GROUP
LOAD c:/program files (x86)/atmel/studio/7.0/toolchain/avr8/avr8-gnu-toolchain/bin/../lib/gcc/avr/5.4.0/../../../../avr/lib/avr51\libm.a
END GROUP
START GROUP
LOAD c:/program files (x86)/atmel/studio/7.0/toolchain/avr8/avr8-gnu-toolchain/bin/../lib/gcc/avr/5.4.0/avr51\libgcc.a
LOAD c:/program files (x86)/atmel/studio/7.0/toolchain/avr8/avr8-gnu-toolchain/bin/../lib/gcc/avr/5.4.0/../../../../avr/lib/avr51\libm.a
LOAD c:/program files (x86)/atmel/studio/7.0/toolchain/avr8/avr8-gnu-toolchain/bin/../lib/gcc/avr/5.4.0/../../../../avr/lib/avr51\libc.a
LOAD C:/Program Files (x86)/Atmel/Studio/7.0/Packs/atmel/ATmega_DFP/1.7.374/gcc/dev/atmega1284/avr51\libatmega1284.a
END GROUP
                [0x00000000]                __TEXT_REGION_ORIGIN__ = DEFINED (__TEXT_REGION_ORIGIN__)?__TEXT_REGION_ORIGIN__:0x0
                [0x00800100]                __DATA_REGION_ORIGIN__ = DEFINED (__DATA_REGION_ORIGIN__)?__DATA_REGION_ORIGIN__:0x800100
                [0x00020000]                __TEXT_REGION_LENGTH__ = DEFINED (__TEXT_REGION_LENGTH__)?__TEXT_REGION_LENGTH__:0x20000
                [0x00004000]                __DATA_REGION_LENGTH__ = DEFINED (__DATA_REGION_LENGTH__)?__DATA_REGION_LENGTH__:0xff00
                [0x00001000]                __EEPROM_REGION_LENGTH__ = DEFINED (__EEPROM_REGION_LENGTH__)?__EEPROM_REGION_LENGTH__:0x10000
                [0x00000003]                __FUSE_REGION_LENGTH__ = DEFINED (__FUSE_REGION_LENGTH__)?__FUSE_REGION_LENGTH__:0x400
                0x00000400                __LOCK_REGION_LENGTH__ = DEFINED (__LOCK_REGION_LENGTH__)?__LOCK_REGION_LENGTH__:0x400
                0x00000400                __SIGNATURE_REGION_LENGTH__ = DEFINED (__SIGNATURE_REGION_LENGTH__)?__SIGNATURE_REGION_LENGTH__:0x400
                0x00000400                __USER_SIGNATURE_REGION_LENGTH__ = DEFINED (__USER_SIGNATURE_REGION_LENGTH__)?__USER_SIGNATURE_REGION_LENGTH__:0x400

.hash
 *(.hash)

.dynsym
 *(.dynsym)

.dynstr
 *(.dynstr)

.gnu.version
 *(.gnu.version)

.gnu.version_d
 *(.gnu.version_d)

.gnu.version_r
 *(.gnu.version_r)

.rel.init
 *(.rel.init)

.rela.init
 *(.rela.init)

.rel.text
 *(.rel.text)
 *(.rel.text.*)
 *(.rel.gnu.linkonce.t*)

.rela.text
 *(.rela.text)
 *(.rela.text.*)
 *(.rela.gnu.linkonce.t*)

.rel.fini
 *(.rel.fini)

.rela.fini
 *(.rela.fini)

.rel.rodata
 *(.rel.rodata)
 *(.rel.rodata.*)
 *(.rel.gnu.linkonce.r*)

.rela.rodata
 *(.rela.rodata)
 *(.rela.rodata.*)
 *(.rela.gnu.linkonce.r*)

.rel.data
 *(.rel.data)
 *(.rel.data.*)
 *(.rel.gnu.linkonce.d*)

.rela.data
 *(.rela.data)
 *(.rela.data.*)
 *(.rela.gnu.linkonce.d*)

.rel.ctors
 *(.rel.ctors)

.rela.ctors
 *(.rela.ctors)

.rel.dtors
 *(.rel.dtors)

.rela.dtors
 *(.rela.dtors)

.rel.got
 *(.rel.got)

.rela.got
 *(.rela.got)

.rel.bss
 *(.rel.bss)

.rela.bss
 *(.rela.bss)

.rel.plt
 *(.rel.plt)

.rela.plt
 *(.rela.plt)

.text           0x00000000     0x9afe
 *(.vectors)
 .vectors       0x00000000       0x8c C:/Program Files (x86)/Atmel/Studio/7.0/Packs/atmel/ATmega_DFP/1.7.374/gcc/dev/atmega1284/avr51/crtatmega1284.o
                0x00000000                __vector_default
                0x00000000                __vectors
 *(.vectors)
 *(.progmem.gcc*)
 .progmem.gcc_fplib
                0x0000008c       0x28 c:/program files (x86)/atmel/studio/7.0/toolchain/avr8/avr8-gnu-toolchain/bin/../lib/gcc/avr/5.4.0/../../../../avr/lib/avr51\libm.a(exp.o)
 .progmem.gcc_fplib
                0x000000b4       0x5a c:/program files (x86)/atmel/studio/7.0/toolchain/avr8/avr8-gnu-toolchain/bin/../lib/gcc/avr/5.4.0/../../../../avr/lib/avr51\libm.a(log.o)
 .progmem.gcc_fplib
                0x0000010e       0x1e c:/program files (x86)/atmel/studio/7.0/toolchain/avr8/avr8-gnu-toolchain/bin/../lib/gcc/avr/5.4.0/../../../../avr/lib/avr51\libm.a(fp_sinus.o)
                0x0000012c                . = ALIGN (0x2)
                0x0000012c                __trampolines_start = .
 *(.trampolines)
 .trampolines   0x0000012c        0x0 linker stubs
 *(.trampolines*)
                0x0000012c                __trampolines_end = .
 *libprintf_flt.a:*(.progmem.data)
 *libc.a:*(.progmem.data)
 .progmem.data  0x0000012c       0x10 c:/program files (x86)/atmel/studio/7.0/toolchain/avr8/avr8-gnu-toolchain/bin/../lib/gcc/avr/5.4.0/../../../../avr/lib/avr51\libc.a(dtostre.o)
 .progmem.data  0x0000013c       0xfa c:/program files (x86)/atmel/studio/7.0/toolchain/avr8/avr8-gnu-toolchain/bin/../lib/gcc/avr/5.4.0/../../../../avr/lib/avr51\libc.a(ftoa_engine.o)
 .progmem.data  0x00000236       0x3b c:/program files (x86)/atmel/studio/7.0/toolchain/avr8/avr8-gnu-toolchain/bin/../lib/gcc/avr/5.4.0/../../../../avr/lib/avr51\libc.a(strtod.o)
 *(.progmem*)
                0x00000272                . = ALIGN (0x2)
 *fill*         0x00000271        0x1 
 *(.jumptables)
 *(.jumptables*)
 *(.lowtext)
 *(.lowtext*)
                0x00000272                __ctors_start = .
 *(.ctors)
                0x00000272                __ctors_end = .
                0x00000272                __dtors_start = .
 *(.dtors)
                0x00000272                __dtors_end = .
 SORT(*)(.ctors)
 SORT(*)(.dtors)
 *(.init0)
 .init0         0x00000272        0x0 C:/Program Files (x86)/Atmel/Studio/7.0/Packs/atmel/ATmega_DFP/1.7.374/gcc/dev/atmega1284/avr51/crtatmega1284.o
                0x00000272                __init
 *(.init0)
 *(.init1)
 *(.init1)
 *(.init2)
 .init2         0x00000272        0xc C:/Program Files (x86)/Atmel/Studio/7.0/Packs/atmel/ATmega_DFP/1.7.374/gcc/dev/atmega1284/avr51/crtatmega1284.o
 *(.init2)
 *(.init3)
 *(.init3)
 *(.init4)
 .init4         0x0000027e       0x1a c:/program files (x86)/atmel/studio/7.0/toolchain/avr8/avr8-gnu-toolchain/bin/../lib/gcc/avr/5.4.0/avr51\libgcc.a(_copy_data.o)
                0x0000027e                __do_copy_data
 .init4         0x00000298       0x10 c:/program files (x86)/atmel/studio/7.0/toolchain/avr8/avr8-gnu-toolchain/bin/../lib/gcc/avr/5.4.0/avr51\libgcc.a(_clear_bss.o)
                0x00000298                __do_clear_bss
 *(.init4)
 *(.init5)
 *(.init5)
 *(.init6)
 *(.init6)
 *(.init7)
 *(.init7)
 *(.init8)
 *(.init8)
 *(.init9)
 .init9         0x000002a8        0x8 C:/Program Files (x86)/Atmel/Studio/7.0/Packs/atmel/ATmega_DFP/1.7.374/gcc/dev/atmega1284/avr51/crtatmega1284.o
 *(.init9)
 *(.text)
 .text          0x000002b0        0x2 C:/Program Files (x86)/Atmel/Studio/7.0/Packs/atmel/ATmega_DFP/1.7.374/gcc/dev/atmega1284/avr51/crtatmega1284.o
                0x000002b0                __vector_28
                0x000002b0                __vector_1
                0x000002b0                __vector_32
                0x000002b0                __vector_34
                0x000002b0                __vector_24
                0x000002b0                __vector_12
                0x000002b0                __bad_interrupt
                0x000002b0                __vector_6
                0x000002b0                __vector_31
                0x000002b0                __vector_3
                0x000002b0                __vector_23
                0x000002b0                __vector_30
                0x000002b0                __vector_25
                0x000002b0                __vector_11
                0x000002b0                __vector_17
                0x000002b0                __vector_19
                0x000002b0                __vector_7
                0x000002b0                __vector_27
                0x000002b0                __vector_5
                0x000002b0                __vector_33
                0x000002b0                __vector_4
                0x000002b0                __vector_9
                0x000002b0                __vector_2
                0x000002b0                __vector_21
                0x000002b0                __vector_15
                0x000002b0                __vector_29
                0x000002b0                __vector_8
                0x000002b0                __vector_26
                0x000002b0                __vector_14
                0x000002b0                __vector_10
                0x000002b0                __vector_16
                0x000002b0                __vector_18
                0x000002b2                . = ALIGN (0x2)
 *(.text.*)
 .text.IV_MEAS__Get_Voc_Set_Optimum_Range
                0x000002b2       0xd6 MPPT_PCB_MCU__IV_Trans.o
                0x000002b2                IV_MEAS__Get_Voc_Set_Optimum_Range
 .text.IV_MEAS__Get_Curr_Optimum_Range
                0x00000388       0xd0 MPPT_PCB_MCU__IV_Trans.o
                0x00000388                IV_MEAS__Get_Curr_Optimum_Range
 .text.PV_TRANS_MEAS
                0x00000458      0x3ca MPPT_PCB_MCU__IV_Trans.o
                0x00000458                PV_TRANS_MEAS
 .text.IV_MEAS__Meas_Curr_Volt_Point
                0x00000822      0x272 MPPT_PCB_MCU__IV_Trans.o
                0x00000822                IV_MEAS__Meas_Curr_Volt_Point
 .text.get_DAC_Volt_at_Pmax_from_IV
                0x00000a94       0xb8 MPPT_PCB_MCU__IV_Trans.o
                0x00000a94                get_DAC_Volt_at_Pmax_from_IV
 .text.meas_NTC1_Temp_control_fan_over_Temp
                0x00000b4c      0x18c MPPT_PCB_MCU__IV_Trans.o
                0x00000b4c                meas_NTC1_Temp_control_fan_over_Temp
 .text.meas_NTC2_Temp_control_fan_over_Temp
                0x00000cd8      0x18c MPPT_PCB_MCU__IV_Trans.o
                0x00000cd8                meas_NTC2_Temp_control_fan_over_Temp
 .text.meas_Bias_Volt_Range_Check
                0x00000e64       0xec MPPT_PCB_MCU__IV_Trans.o
                0x00000e64                meas_Bias_Volt_Range_Check
 .text.PV_IV_MEAS
                0x00000f50      0x60c MPPT_PCB_MCU__IV_Trans.o
                0x00000f50                PV_IV_MEAS
 .text.PI_CTR__Set_New_Prop_ID
                0x0000155c       0x5c MPPT_PCB_MCU__PI_CTR.o
                0x0000155c                PI_CTR__Set_New_Prop_ID
 .text.PI_CTR__Set_New_Int_ID
                0x000015b8       0x5c MPPT_PCB_MCU__PI_CTR.o
                0x000015b8                PI_CTR__Set_New_Int_ID
 .text.PI_CRT__Process_Controller_Settings
                0x00001614       0x26 MPPT_PCB_MCU__PI_CTR.o
                0x00001614                PI_CRT__Process_Controller_Settings
 .text.UART_WriteString
                0x0000163a       0x78 MPPT_PCB_MCU__com.o
                0x0000163a                UART_WriteString
 .text.COM_Compare_to_OutStr
                0x000016b2       0x2c MPPT_PCB_MCU__com.o
                0x000016b2                COM_Compare_to_OutStr
 .text.COM_Compare_to_OutStr_Offset
                0x000016de       0x2c MPPT_PCB_MCU__com.o
                0x000016de                COM_Compare_to_OutStr_Offset
 .text.COM_Copy_To_OutSTR_From_Start
                0x0000170a       0x42 MPPT_PCB_MCU__com.o
                0x0000170a                COM_Copy_To_OutSTR_From_Start
 .text.COM_Add_To_OutSTR_with_Sep
                0x0000174c       0x4c MPPT_PCB_MCU__com.o
                0x0000174c                COM_Add_To_OutSTR_with_Sep
 .text.COM_Add_To_OutSTR_At_Position
                0x00001798       0x32 MPPT_PCB_MCU__com.o
                0x00001798                COM_Add_To_OutSTR_At_Position
 .text.COM_Add_QuestMark_To_OutSTR_No_Sep
                0x000017ca       0x26 MPPT_PCB_MCU__com.o
                0x000017ca                COM_Add_QuestMark_To_OutSTR_No_Sep
 .text.Compare_String
                0x000017f0       0x22 MPPT_PCB_MCU__com.o
                0x000017f0                Compare_String
 .text.Copy_String
                0x00001812       0x22 MPPT_PCB_MCU__com.o
                0x00001812                Copy_String
 .text.AddEnd_String
                0x00001834       0x44 MPPT_PCB_MCU__com.o
                0x00001834                AddEnd_String
 .text.FloatToString
                0x00001878       0x16 MPPT_PCB_MCU__com.o
                0x00001878                FloatToString
 .text.UART_Transfer_IV
                0x0000188e       0xde MPPT_PCB_MCU__com.o
                0x0000188e                UART_Transfer_IV
 .text.UART_Execute_Command
                0x0000196c     0x1478 MPPT_PCB_MCU__com.o
                0x0000196c                UART_Execute_Command
 .text.UART_Process_Input
                0x00002de4       0xe0 MPPT_PCB_MCU__com.o
                0x00002de4                UART_Process_Input
 .text.StringToFloat
                0x00002ec4        0x4 MPPT_PCB_MCU__com.o
                0x00002ec4                StringToFloat
 .text.EEPROM_Range_Cal_Set_Scale
                0x00002ec8      0x190 MPPT_PCB_MCU__EROM.o
                0x00002ec8                EEPROM_Range_Cal_Set_Scale
 .text.EEPROM_Range_Cal_Set_Offset
                0x00003058      0x190 MPPT_PCB_MCU__EROM.o
                0x00003058                EEPROM_Range_Cal_Set_Offset
 .text.COM_EROM_ACCESS_FLOAT
                0x000031e8       0x7a MPPT_PCB_MCU__EROM.o
                0x000031e8                COM_EROM_ACCESS_FLOAT
 .text.COM_EROM_ACCESS_UINT8
                0x00003262       0x5c MPPT_PCB_MCU__EROM.o
                0x00003262                COM_EROM_ACCESS_UINT8
 .text.COM_EROM_ACCESS_UINT16
                0x000032be       0x94 MPPT_PCB_MCU__EROM.o
                0x000032be                COM_EROM_ACCESS_UINT16
 .text.EEPROM_READ_FLOAT
                0x00003352       0x30 MPPT_PCB_MCU__EROM.o
                0x00003352                EEPROM_READ_FLOAT
 .text.EEPROM_LOAD_VOLTAGE_RANGE
                0x00003382      0x216 MPPT_PCB_MCU__EROM.o
                0x00003382                EEPROM_LOAD_VOLTAGE_RANGE
 .text.EEPROM_LOAD_CURRENT_RANGE
                0x00003598      0x1ce MPPT_PCB_MCU__EROM.o
                0x00003598                EEPROM_LOAD_CURRENT_RANGE
 .text.EEPROM_Range_Cal_Get_Scale
                0x00003766       0xbc MPPT_PCB_MCU__EROM.o
                0x00003766                EEPROM_Range_Cal_Get_Scale
 .text.EEPROM_Range_Cal_Get_Offset
                0x00003822       0xbc MPPT_PCB_MCU__EROM.o
                0x00003822                EEPROM_Range_Cal_Get_Offset
 .text.EEPROM_READ_UINT16
                0x000038de       0x26 MPPT_PCB_MCU__EROM.o
                0x000038de                EEPROM_READ_UINT16
 .text.EEROM_LOAD_TIMER_1_CM
                0x00003904       0x14 MPPT_PCB_MCU__EROM.o
                0x00003904                EEROM_LOAD_TIMER_1_CM
 .text.EEPROM_READ_INT32
                0x00003918       0x30 MPPT_PCB_MCU__EROM.o
                0x00003918                EEPROM_READ_INT32
 .text.EEPROM_READ_STRING
                0x00003948       0x60 MPPT_PCB_MCU__EROM.o
                0x00003948                EEPROM_READ_STRING
 .text.EEPROM_LOAD_VAL_CONFIG
                0x000039a8      0xbd0 MPPT_PCB_MCU__EROM.o
                0x000039a8                EEPROM_LOAD_VAL_CONFIG
 .text.EEPROM_ACCESS_UART
                0x00004578      0xd34 MPPT_PCB_MCU__EROM.o
                0x00004578                EEPROM_ACCESS_UART
 .text.ADC_Convert_MAX11163
                0x000052ac       0x28 MPPT_PCB_MCU__IO.o
                0x000052ac                ADC_Convert_MAX11163
 .text.ADC_Convert_Avr_MAX11163
                0x000052d4       0x5e MPPT_PCB_MCU__IO.o
                0x000052d4                ADC_Convert_Avr_MAX11163
 .text.ADC_Convert_Avr_OLUL_MAX11163
                0x00005332       0x84 MPPT_PCB_MCU__IO.o
                0x00005332                ADC_Convert_Avr_OLUL_MAX11163
 .text.Meas_Analog_Inputs
                0x000053b6      0x59c MPPT_PCB_MCU__IO.o
                0x000053b6                Meas_Analog_Inputs
 .text.Meas_AI_Volt_Only
                0x00005952       0xfe MPPT_PCB_MCU__IO.o
                0x00005952                Meas_AI_Volt_Only
 .text.Meas_AI_Curr_Only
                0x00005a50       0xfe MPPT_PCB_MCU__IO.o
                0x00005a50                Meas_AI_Curr_Only
 .text.Set_DAC_Output_RAW
                0x00005b4e       0x2e MPPT_PCB_MCU__IO.o
                0x00005b4e                Set_DAC_Output_RAW
 .text.Set_DAC_Output_Volts
                0x00005b7c       0xe4 MPPT_PCB_MCU__IO.o
                0x00005b7c                Set_DAC_Output_Volts
 .text.TEMP_MAX31865_Setup
                0x00005c60       0x38 MPPT_PCB_MCU__IO.o
                0x00005c60                TEMP_MAX31865_Setup
 .text.TEMP_MAX31865_Measure
                0x00005c98       0x58 MPPT_PCB_MCU__IO.o
                0x00005c98                TEMP_MAX31865_Measure
 .text.TEMP_MAX31856_Setup
                0x00005cf0       0x68 MPPT_PCB_MCU__IO.o
                0x00005cf0                TEMP_MAX31856_Setup
 .text.TEMP_MAX31856_Measure
                0x00005d58       0x8e MPPT_PCB_MCU__IO.o
                0x00005d58                TEMP_MAX31856_Measure
 .text.TEMP_MCP9600_Setup
                0x00005de6      0x146 MPPT_PCB_MCU__IO.o
                0x00005de6                TEMP_MCP9600_Setup
 .text.TEMP_MCP9600_Measure
                0x00005f2c      0x138 MPPT_PCB_MCU__IO.o
                0x00005f2c                TEMP_MCP9600_Measure
 .text.DIOExp_Write_Outputs
                0x00006064       0x94 MPPT_PCB_MCU__IO.o
                0x00006064                DIOExp_Write_Outputs
 .text.DIOExp_config_init
                0x000060f8       0x2a MPPT_PCB_MCU__IO.o
                0x000060f8                DIOExp_config_init
 .text.Set_DDR_and_Default_State
                0x00006122       0x72 MPPT_PCB_MCU__Main.o
                0x00006122                Set_DDR_and_Default_State
 .text.RS485_get_com_address_external_pins
                0x00006194       0x4e MPPT_PCB_MCU__Main.o
                0x00006194                RS485_get_com_address_external_pins
 .text.startup.main
                0x000061e2      0x3aa MPPT_PCB_MCU__Main.o
                0x000061e2                main
 .text.__vector_20
                0x0000658c       0xc8 MPPT_PCB_MCU__Main.o
                0x0000658c                __vector_20
 .text.__vector_22
                0x00006654       0x70 MPPT_PCB_MCU__Main.o
                0x00006654                __vector_22
 .text.__vector_13
                0x000066c4       0xa4 MPPT_PCB_MCU__Main.o
                0x000066c4                __vector_13
 .text.Process_Operating_Temperature_State
                0x00006768      0x17a MPPT_PCB_MCU__LOAD_CTR.o
                0x00006768                Process_Operating_Temperature_State
 .text.Process_Bias_Voltage_State
                0x000068e2       0x98 MPPT_PCB_MCU__LOAD_CTR.o
                0x000068e2                Process_Bias_Voltage_State
 .text.Process_Fan_Control
                0x0000697a      0x1aa MPPT_PCB_MCU__LOAD_CTR.o
                0x0000697a                Process_Fan_Control
 .text.Reset_Fan_Control
                0x00006b24       0x28 MPPT_PCB_MCU__LOAD_CTR.o
                0x00006b24                Reset_Fan_Control
 .text.Check_if_Active_Errors_Output_Disabled
                0x00006b4c       0x30 MPPT_PCB_MCU__LOAD_CTR.o
                0x00006b4c                Check_if_Active_Errors_Output_Disabled
 .text.Process_Error_LED_State
                0x00006b7c       0x26 MPPT_PCB_MCU__LOAD_CTR.o
                0x00006b7c                Process_Error_LED_State
 .text.Check_Temp_Disconnect_State
                0x00006ba2       0xb2 MPPT_PCB_MCU__LOAD_CTR.o
                0x00006ba2                Check_Temp_Disconnect_State
 .text.PV_Mode__Constant_Current_Init
                0x00006c54       0x5c MPPT_PCB_MCU__LOAD_CTR.o
                0x00006c54                PV_Mode__Constant_Current_Init
 .text.PV_Mode__Constant_Current_Main
                0x00006cb0      0x33e MPPT_PCB_MCU__LOAD_CTR.o
                0x00006cb0                PV_Mode__Constant_Current_Main
 .text.PV_Mode__MPPT_Simple_Init
                0x00006fee       0xa4 MPPT_PCB_MCU__LOAD_CTR.o
                0x00006fee                PV_Mode__MPPT_Simple_Init
 .text.PV_Mode__MPPT_Simple_Main
                0x00007092      0x520 MPPT_PCB_MCU__LOAD_CTR.o
                0x00007092                PV_Mode__MPPT_Simple_Main
 .text.LOAD_CTR_MAIN
                0x000075b2      0x290 MPPT_PCB_MCU__LOAD_CTR.o
                0x000075b2                LOAD_CTR_MAIN
 .text.Get_Best_Voltage_Range_From_Value
                0x00007842       0xe6 MPPT_PCB_MCU__Range.o
                0x00007842                Get_Best_Voltage_Range_From_Value
 .text.Get_Best_Current_Range_From_Value
                0x00007928       0xe6 MPPT_PCB_MCU__Range.o
                0x00007928                Get_Best_Current_Range_From_Value
 .text.Reset_Over_Current_Clamp
                0x00007a0e       0x4a MPPT_PCB_MCU__Range.o
                0x00007a0e                Reset_Over_Current_Clamp
 .text.Preare_Auto_Range_Selection
                0x00007a58      0x462 MPPT_PCB_MCU__Range.o
                0x00007a58                Preare_Auto_Range_Selection
 .text.SET_VOLTAGE_RANGE
                0x00007eba      0x1fc MPPT_PCB_MCU__Range.o
                0x00007eba                SET_VOLTAGE_RANGE
 .text.SET_CURRENT_RANGE
                0x000080b6      0x1e8 MPPT_PCB_MCU__Range.o
                0x000080b6                SET_CURRENT_RANGE
 .text.Check_Voltage_Range_Enabled_Correct
                0x0000829e       0x32 MPPT_PCB_MCU__Range.o
                0x0000829e                Check_Voltage_Range_Enabled_Correct
 .text.Process_Voltage_Auto_Range
                0x000082d0       0x5a MPPT_PCB_MCU__Range.o
                0x000082d0                Process_Voltage_Auto_Range
 .text.Check_Current_Range_Enabled_Correct
                0x0000832a       0x32 MPPT_PCB_MCU__Range.o
                0x0000832a                Check_Current_Range_Enabled_Correct
 .text.Process_Current_Auto_Range
                0x0000835c       0x9c MPPT_PCB_MCU__Range.o
                0x0000835c                Process_Current_Auto_Range
 .text.Check_Input_Range_Selection
                0x000083f8      0x136 MPPT_PCB_MCU__Range.o
                0x000083f8                Check_Input_Range_Selection
 .text.NTC_RawToTemp
                0x0000852e       0xac MPPT_PCB_MCU__TEMP.o
                0x0000852e                NTC_RawToTemp
 .text.NTC_TempToRaw
                0x000085da       0xac MPPT_PCB_MCU__TEMP.o
                0x000085da                NTC_TempToRaw
 .text.I2C_Wait_TWINT
                0x00008686       0x18 MPPT_PCB_MCU__TEMP.o
                0x00008686                I2C_Wait_TWINT
 .text.ADC121C021_ReadRaw
                0x0000869e      0x134 MPPT_PCB_MCU__TEMP.o
                0x0000869e                ADC121C021_ReadRaw
 .text.Read_Temp_All_ADC121C021
                0x000087d2       0x94 MPPT_PCB_MCU__TEMP.o
                0x000087d2                Read_Temp_All_ADC121C021
 .text.ADC121C021_SetConfig
                0x00008866       0x9e MPPT_PCB_MCU__TEMP.o
                0x00008866                ADC121C021_SetConfig
 .text.ADC121C021_Set_Vlow
                0x00008904       0xdc MPPT_PCB_MCU__TEMP.o
                0x00008904                ADC121C021_Set_Vlow
 .text.ADC121C021_Set_Vhyst
                0x000089e0      0x110 MPPT_PCB_MCU__TEMP.o
                0x000089e0                ADC121C021_Set_Vhyst
 .text.ADC121C021_Setup
                0x00008af0       0x10 MPPT_PCB_MCU__TEMP.o
                0x00008af0                ADC121C021_Setup
 .text.ADC121C021_IsPresent
                0x00008b00       0x5c MPPT_PCB_MCU__TEMP.o
                0x00008b00                ADC121C021_IsPresent
 .text.Temp_monitoring_Setup
                0x00008b5c       0x52 MPPT_PCB_MCU__TEMP.o
                0x00008b5c                Temp_monitoring_Setup
 .text.avr-libc.fplib
                0x00008bae        0xa c:/program files (x86)/atmel/studio/7.0/toolchain/avr8/avr8-gnu-toolchain/bin/../lib/gcc/avr/5.4.0/../../../../avr/lib/avr51\libm.a(addsf3.o)
                0x00008bae                __subsf3
                0x00008bb0                __addsf3
 .text.avr-libc.fplib
                0x00008bb8       0xc0 c:/program files (x86)/atmel/studio/7.0/toolchain/avr8/avr8-gnu-toolchain/bin/../lib/gcc/avr/5.4.0/../../../../avr/lib/avr51\libm.a(addsf3x.o)
                0x00008bd2                __addsf3x
 .text.avr-libc.fplib
                0x00008c78        0x8 c:/program files (x86)/atmel/studio/7.0/toolchain/avr8/avr8-gnu-toolchain/bin/../lib/gcc/avr/5.4.0/../../../../avr/lib/avr51\libm.a(cmpsf2.o)
                0x00008c78                __nesf2
                0x00008c78                __eqsf2
                0x00008c78                __cmpsf2
                0x00008c78                __ltsf2
                0x00008c78                __lesf2
 .text.avr-libc.fplib
                0x00008c80        0x4 c:/program files (x86)/atmel/studio/7.0/toolchain/avr8/avr8-gnu-toolchain/bin/../lib/gcc/avr/5.4.0/../../../../avr/lib/avr51\libm.a(divsf3.o)
                0x00008c80                __divsf3
 .text.avr-libc.fplib
                0x00008c84       0xcc c:/program files (x86)/atmel/studio/7.0/toolchain/avr8/avr8-gnu-toolchain/bin/../lib/gcc/avr/5.4.0/../../../../avr/lib/avr51\libm.a(divsf3x.o)
                0x00008c9a                __divsf3x
                0x00008c9e                __divsf3_pse
 .text.avr-libc.fplib
                0x00008d50       0x62 c:/program files (x86)/atmel/studio/7.0/toolchain/avr8/avr8-gnu-toolchain/bin/../lib/gcc/avr/5.4.0/../../../../avr/lib/avr51\libm.a(exp.o)
                0x00008d5a                exp
 .text.avr-libc.fplib
                0x00008db2        0xa c:/program files (x86)/atmel/studio/7.0/toolchain/avr8/avr8-gnu-toolchain/bin/../lib/gcc/avr/5.4.0/../../../../avr/lib/avr51\libm.a(fixsfsi.o)
                0x00008db2                __fixsfsi
 .text.avr-libc.fplib
                0x00008dbc       0x58 c:/program files (x86)/atmel/studio/7.0/toolchain/avr8/avr8-gnu-toolchain/bin/../lib/gcc/avr/5.4.0/../../../../avr/lib/avr51\libm.a(fixunssfsi.o)
                0x00008dbc                __fixunssfsi
 .text.avr-libc.fplib
                0x00008e14       0x7a c:/program files (x86)/atmel/studio/7.0/toolchain/avr8/avr8-gnu-toolchain/bin/../lib/gcc/avr/5.4.0/../../../../avr/lib/avr51\libm.a(floatsisf.o)
                0x00008e14                __floatunsisf
                0x00008e18                __floatsisf
 .text.avr-libc.fplib
                0x00008e8e       0x48 c:/program files (x86)/atmel/studio/7.0/toolchain/avr8/avr8-gnu-toolchain/bin/../lib/gcc/avr/5.4.0/../../../../avr/lib/avr51\libm.a(fp_cmp.o)
                0x00008e8e                __fp_cmp
 .text.avr-libc.fplib
                0x00008ed6        0xc c:/program files (x86)/atmel/studio/7.0/toolchain/avr8/avr8-gnu-toolchain/bin/../lib/gcc/avr/5.4.0/../../../../avr/lib/avr51\libm.a(fp_inf.o)
                0x00008ed6                __fp_inf
 .text.avr-libc.fplib
                0x00008ee2        0x6 c:/program files (x86)/atmel/studio/7.0/toolchain/avr8/avr8-gnu-toolchain/bin/../lib/gcc/avr/5.4.0/../../../../avr/lib/avr51\libm.a(fp_nan.o)
                0x00008ee2                __fp_nan
 .text.avr-libc.fplib
                0x00008ee8       0x4a c:/program files (x86)/atmel/studio/7.0/toolchain/avr8/avr8-gnu-toolchain/bin/../lib/gcc/avr/5.4.0/../../../../avr/lib/avr51\libm.a(fp_powser.o)
                0x00008ee8                __fp_powser
 .text.avr-libc.fplib
                0x00008f32        0xe c:/program files (x86)/atmel/studio/7.0/toolchain/avr8/avr8-gnu-toolchain/bin/../lib/gcc/avr/5.4.0/../../../../avr/lib/avr51\libm.a(fp_pscA.o)
                0x00008f32                __fp_pscA
 .text.avr-libc.fplib
                0x00008f40        0xe c:/program files (x86)/atmel/studio/7.0/toolchain/avr8/avr8-gnu-toolchain/bin/../lib/gcc/avr/5.4.0/../../../../avr/lib/avr51\libm.a(fp_pscB.o)
                0x00008f40                __fp_pscB
 .text.avr-libc.fplib
                0x00008f4e       0x22 c:/program files (x86)/atmel/studio/7.0/toolchain/avr8/avr8-gnu-toolchain/bin/../lib/gcc/avr/5.4.0/../../../../avr/lib/avr51\libm.a(fp_round.o)
                0x00008f4e                __fp_round
 .text.avr-libc.fplib
                0x00008f70       0x44 c:/program files (x86)/atmel/studio/7.0/toolchain/avr8/avr8-gnu-toolchain/bin/../lib/gcc/avr/5.4.0/../../../../avr/lib/avr51\libm.a(fp_split3.o)
                0x00008f70                __fp_split3
                0x00008f80                __fp_splitA
 .text.avr-libc.fplib
                0x00008fb4        0xe c:/program files (x86)/atmel/studio/7.0/toolchain/avr8/avr8-gnu-toolchain/bin/../lib/gcc/avr/5.4.0/../../../../avr/lib/avr51\libm.a(fp_zero.o)
                0x00008fb4                __fp_zero
                0x00008fb6                __fp_szero
 .text.avr-libc.fplib
                0x00008fc2        0x8 c:/program files (x86)/atmel/studio/7.0/toolchain/avr8/avr8-gnu-toolchain/bin/../lib/gcc/avr/5.4.0/../../../../avr/lib/avr51\libm.a(gesf2.o)
                0x00008fc2                __gesf2
                0x00008fc2                __gtsf2
 .text.avr-libc.fplib
                0x00008fca        0xe c:/program files (x86)/atmel/studio/7.0/toolchain/avr8/avr8-gnu-toolchain/bin/../lib/gcc/avr/5.4.0/../../../../avr/lib/avr51\libm.a(inverse.o)
                0x00008fca                inverse
 .text.avr-libc.fplib
                0x00008fd8       0x6c c:/program files (x86)/atmel/studio/7.0/toolchain/avr8/avr8-gnu-toolchain/bin/../lib/gcc/avr/5.4.0/../../../../avr/lib/avr51\libm.a(ldexp.o)
                0x00008fdc                ldexp
 .text.avr-libc.fplib
                0x00009044       0x8a c:/program files (x86)/atmel/studio/7.0/toolchain/avr8/avr8-gnu-toolchain/bin/../lib/gcc/avr/5.4.0/../../../../avr/lib/avr51\libm.a(log.o)
                0x0000904e                log
 .text.avr-libc.fplib
                0x000090ce       0x66 c:/program files (x86)/atmel/studio/7.0/toolchain/avr8/avr8-gnu-toolchain/bin/../lib/gcc/avr/5.4.0/../../../../avr/lib/avr51\libm.a(modf.o)
                0x000090ce                modf
                0x000090ce                modff
 .text.avr-libc.fplib
                0x00009134        0x4 c:/program files (x86)/atmel/studio/7.0/toolchain/avr8/avr8-gnu-toolchain/bin/../lib/gcc/avr/5.4.0/../../../../avr/lib/avr51\libm.a(mulsf3.o)
                0x00009134                __mulsf3
 .text.avr-libc.fplib
                0x00009138       0xc2 c:/program files (x86)/atmel/studio/7.0/toolchain/avr8/avr8-gnu-toolchain/bin/../lib/gcc/avr/5.4.0/../../../../avr/lib/avr51\libm.a(mulsf3x.o)
                0x0000914c                __mulsf3x
                0x00009150                __mulsf3_pse
 .text.avr-libc.fplib
                0x000091fa       0x40 c:/program files (x86)/atmel/studio/7.0/toolchain/avr8/avr8-gnu-toolchain/bin/../lib/gcc/avr/5.4.0/../../../../avr/lib/avr51\libm.a(round.o)
                0x000091fa                round
 .text.avr-libc.fplib
                0x0000923a        0xc c:/program files (x86)/atmel/studio/7.0/toolchain/avr8/avr8-gnu-toolchain/bin/../lib/gcc/avr/5.4.0/../../../../avr/lib/avr51\libm.a(sin.o)
                0x0000923a                sin
 .text.avr-libc.fplib
                0x00009246       0x36 c:/program files (x86)/atmel/studio/7.0/toolchain/avr8/avr8-gnu-toolchain/bin/../lib/gcc/avr/5.4.0/../../../../avr/lib/avr51\libm.a(fp_mintl.o)
                0x00009246                __fp_mintl
 .text.avr-libc.fplib
                0x0000927c       0x1c c:/program files (x86)/atmel/studio/7.0/toolchain/avr8/avr8-gnu-toolchain/bin/../lib/gcc/avr/5.4.0/../../../../avr/lib/avr51\libm.a(fp_mpack.o)
                0x0000927c                __fp_mpack
                0x00009280                __fp_mpack_finite
 .text.avr-libc.fplib
                0x00009298       0x50 c:/program files (x86)/atmel/studio/7.0/toolchain/avr8/avr8-gnu-toolchain/bin/../lib/gcc/avr/5.4.0/../../../../avr/lib/avr51\libm.a(fp_rempio2.o)
                0x0000929a                __fp_rempio2
 .text.avr-libc.fplib
                0x000092e8       0x22 c:/program files (x86)/atmel/studio/7.0/toolchain/avr8/avr8-gnu-toolchain/bin/../lib/gcc/avr/5.4.0/../../../../avr/lib/avr51\libm.a(fp_sinus.o)
                0x000092e8                __fp_sinus
 .text.avr-libc.fplib
                0x0000930a       0x22 c:/program files (x86)/atmel/studio/7.0/toolchain/avr8/avr8-gnu-toolchain/bin/../lib/gcc/avr/5.4.0/../../../../avr/lib/avr51\libm.a(fp_powsodd.o)
                0x0000930a                __fp_powsodd
 .text.avr-libc
                0x0000932c      0x10a c:/program files (x86)/atmel/studio/7.0/toolchain/avr8/avr8-gnu-toolchain/bin/../lib/gcc/avr/5.4.0/../../../../avr/lib/avr51\libc.a(dtostre.o)
                0x0000932c                dtostre
 .text.avr-libc
                0x00009436        0x6 c:/program files (x86)/atmel/studio/7.0/toolchain/avr8/avr8-gnu-toolchain/bin/../lib/gcc/avr/5.4.0/../../../../avr/lib/avr51\libc.a(atof.o)
                0x00009436                atof
 .text.avr-libc
                0x0000943c       0x3a c:/program files (x86)/atmel/studio/7.0/toolchain/avr8/avr8-gnu-toolchain/bin/../lib/gcc/avr/5.4.0/../../../../avr/lib/avr51\libc.a(atoi.o)
                0x0000943c                atoi
 .text.avr-libc
                0x00009476       0x4c c:/program files (x86)/atmel/studio/7.0/toolchain/avr8/avr8-gnu-toolchain/bin/../lib/gcc/avr/5.4.0/../../../../avr/lib/avr51\libc.a(atol.o)
                0x00009476                atol
 .text.avr-libc
                0x000094c2      0x1b0 c:/program files (x86)/atmel/studio/7.0/toolchain/avr8/avr8-gnu-toolchain/bin/../lib/gcc/avr/5.4.0/../../../../avr/lib/avr51\libc.a(ftoa_engine.o)
                0x000094c2                __ftoa_engine
 .text.avr-libc
                0x00009672        0xe c:/program files (x86)/atmel/studio/7.0/toolchain/avr8/avr8-gnu-toolchain/bin/../lib/gcc/avr/5.4.0/../../../../avr/lib/avr51\libc.a(strcpy_P.o)
                0x00009672                strcpy_P
 .text.avr-libc
                0x00009680       0x14 c:/program files (x86)/atmel/studio/7.0/toolchain/avr8/avr8-gnu-toolchain/bin/../lib/gcc/avr/5.4.0/../../../../avr/lib/avr51\libc.a(itoa_ncheck.o)
                0x00009680                __itoa_ncheck
 .text.avr-libc
                0x00009694       0x1c c:/program files (x86)/atmel/studio/7.0/toolchain/avr8/avr8-gnu-toolchain/bin/../lib/gcc/avr/5.4.0/../../../../avr/lib/avr51\libc.a(ltoa_ncheck.o)
                0x00009694                __ltoa_ncheck
 .text.avr-libc
                0x000096b0       0x2a c:/program files (x86)/atmel/studio/7.0/toolchain/avr8/avr8-gnu-toolchain/bin/../lib/gcc/avr/5.4.0/../../../../avr/lib/avr51\libc.a(mulsi10.o)
                0x000096b0                __mulsi_const_10
 .text.avr-libc
                0x000096da       0x10 c:/program files (x86)/atmel/studio/7.0/toolchain/avr8/avr8-gnu-toolchain/bin/../lib/gcc/avr/5.4.0/../../../../avr/lib/avr51\libc.a(mul10.o)
                0x000096da                __mulhi_const_10
 .text.avr-libc
                0x000096ea       0x42 c:/program files (x86)/atmel/studio/7.0/toolchain/avr8/avr8-gnu-toolchain/bin/../lib/gcc/avr/5.4.0/../../../../avr/lib/avr51\libc.a(ultoa_ncheck.o)
                0x000096ea                __ultoa_ncheck
                0x000096ec                __ultoa_common
 .text.avr-libc
                0x0000972c       0x32 c:/program files (x86)/atmel/studio/7.0/toolchain/avr8/avr8-gnu-toolchain/bin/../lib/gcc/avr/5.4.0/../../../../avr/lib/avr51\libc.a(utoa_ncheck.o)
                0x0000972c                __utoa_ncheck
                0x0000972e                __utoa_common
 .text.avr-libc
                0x0000975e      0x2a6 c:/program files (x86)/atmel/studio/7.0/toolchain/avr8/avr8-gnu-toolchain/bin/../lib/gcc/avr/5.4.0/../../../../avr/lib/avr51\libc.a(strtod.o)
                0x0000975e                strtod
 .text.avr-libc
                0x00009a04       0x10 c:/program files (x86)/atmel/studio/7.0/toolchain/avr8/avr8-gnu-toolchain/bin/../lib/gcc/avr/5.4.0/../../../../avr/lib/avr51\libc.a(isspace.o)
                0x00009a04                isspace
 .text.avr-libc
                0x00009a14       0x30 c:/program files (x86)/atmel/studio/7.0/toolchain/avr8/avr8-gnu-toolchain/bin/../lib/gcc/avr/5.4.0/../../../../avr/lib/avr51\libc.a(strncasecmp_P.o)
                0x00009a14                strncasecmp_P
 .text.avr-libc
                0x00009a44       0x20 c:/program files (x86)/atmel/studio/7.0/toolchain/avr8/avr8-gnu-toolchain/bin/../lib/gcc/avr/5.4.0/../../../../avr/lib/avr51\libc.a(strrev.o)
                0x00009a44                strrev
 .text.avr-libc
                0x00009a64        0x6 c:/program files (x86)/atmel/studio/7.0/toolchain/avr8/avr8-gnu-toolchain/bin/../lib/gcc/avr/5.4.0/../../../../avr/lib/avr51\libc.a(cty_isfalse.o)
                0x00009a64                __ctype_isfalse
                0x00009a68                __ctype_istrue
 .text.avr-libc
                0x00009a6a       0x20 C:/Program Files (x86)/Atmel/Studio/7.0/Packs/atmel/ATmega_DFP/1.7.374/gcc/dev/atmega1284/avr51\libatmega1284.a(eerd_block.o)
                0x00009a6a                eeprom_read_block
                0x00009a6e                eeprom_read_blraw
 .text.avr-libc
                0x00009a8a       0x10 C:/Program Files (x86)/Atmel/Studio/7.0/Packs/atmel/ATmega_DFP/1.7.374/gcc/dev/atmega1284/avr51\libatmega1284.a(eerd_byte.o)
                0x00009a8a                eeprom_read_byte
 .text.avr-libc
                0x00009a9a       0x12 C:/Program Files (x86)/Atmel/Studio/7.0/Packs/atmel/ATmega_DFP/1.7.374/gcc/dev/atmega1284/avr51\libatmega1284.a(eewr_block.o)
                0x00009a9a                eeprom_write_block
 .text.avr-libc
                0x00009aac       0x1c C:/Program Files (x86)/Atmel/Studio/7.0/Packs/atmel/ATmega_DFP/1.7.374/gcc/dev/atmega1284/avr51\libatmega1284.a(eewr_byte.o)
                0x00009aac                eeprom_write_byte
                0x00009aae                eeprom_write_r18
 .text.libgcc.mul
                0x00009ac8       0x14 c:/program files (x86)/atmel/studio/7.0/toolchain/avr8/avr8-gnu-toolchain/bin/../lib/gcc/avr/5.4.0/avr51\libgcc.a(_muluhisi3.o)
                0x00009ac8                __muluhisi3
 .text.libgcc.mul
                0x00009adc       0x1e c:/program files (x86)/atmel/studio/7.0/toolchain/avr8/avr8-gnu-toolchain/bin/../lib/gcc/avr/5.4.0/avr51\libgcc.a(_umulhisi3.o)
                0x00009adc                __umulhisi3
                0x00009afa                . = ALIGN (0x2)
 *(.fini9)
 .fini9         0x00009afa        0x0 c:/program files (x86)/atmel/studio/7.0/toolchain/avr8/avr8-gnu-toolchain/bin/../lib/gcc/avr/5.4.0/avr51\libgcc.a(_exit.o)
                0x00009afa                _exit
                0x00009afa                exit
 *(.fini9)
 *(.fini8)
 *(.fini8)
 *(.fini7)
 *(.fini7)
 *(.fini6)
 *(.fini6)
 *(.fini5)
 *(.fini5)
 *(.fini4)
 *(.fini4)
 *(.fini3)
 *(.fini3)
 *(.fini2)
 *(.fini2)
 *(.fini1)
 *(.fini1)
 *(.fini0)
 .fini0         0x00009afa        0x4 c:/program files (x86)/atmel/studio/7.0/toolchain/avr8/avr8-gnu-toolchain/bin/../lib/gcc/avr/5.4.0/avr51\libgcc.a(_exit.o)
 *(.fini0)
                0x00009afe                _etext = .

.data           0x00800100      0x1a2 load address 0x00009afe
                0x00800100                PROVIDE (__data_start, .)
 *(.data)
 *(.data*)
 *(.gnu.linkonce.d*)
 *(.rodata)
 *(.rodata*)
 .rodata.str1.1
                0x00800100      0x178 MPPT_PCB_MCU__com.o
                                0x192 (size before relaxing)
 .rodata.str1.1
                0x00800278       0x2a MPPT_PCB_MCU__EROM.o
                                 0x2c (size before relaxing)
 *(.gnu.linkonce.r*)
                0x008002a2                . = ALIGN (0x2)
                0x008002a2                _edata = .
                0x008002a2                PROVIDE (__data_end, .)

.bss            0x008002a2     0x12e1
                0x008002a2                PROVIDE (__bss_start, .)
 *(.bss)
 *(.bss*)
 *(COMMON)
 COMMON         0x008002a2      0xbef MPPT_PCB_MCU__IV_Trans.o
                0x008002a2                BiasV_Range_Max
                0x008002a6                IV_Cos_Max_Phase
                0x008002aa                IV_Point_Meas_Nu_AVR_VoltCurr
                0x008002ab                IV_Report
                0x008002ac                Trs_Delay_Res_us
                0x008002b0                IV_Point_Set_Delay_ms
                0x008002b2                BiasV_Range_Min
                0x008002b6                IV_Range_Volt_Last
                0x008002b7                IV_Setup_Signal_Set_Time
                0x008002b9                IV_Point_Meas_Nu_AVR_Sets
                0x008002ba                Trs_Delay_us
                0x008002be                IV_Mode
                0x008002bf                Trs_Meas_Time_us
                0x008002c3                PV_DAC_Points
                0x008006af                IV_Meas_Points
                0x008006b0                PV_Volt_Trs
                0x008006b4                PV_IV_Current
                0x00800aa0                IV_Range_Curr_Last
                0x00800aa1                IV_Voc_Overshoot_Fact
                0x00800aa5                PV_IV_Voltage
 COMMON         0x00800e91        0x4 MPPT_PCB_MCU__PI_CTR.o
                0x00800e91                PI_CTR_Prop_ID_Act
                0x00800e92                PI_CTR_Prop_ID_Man
                0x00800e93                PI_CTR_Int_ID_Man
                0x00800e94                PI_CTR_Int_ID_Act
 COMMON         0x00800e95      0x1ef MPPT_PCB_MCU__com.o
                0x00800e95                Trans_IV_Point
                0x00800e96                UART_Reply_L
                0x00800e97                Com_ID
                0x00800e98                OutSTR
                0x00800f12                UART_In_Buff
                0x00800f8c                UART_Comand_L
                0x00800f8d                UART_Reply_P
                0x00800f8e                UART_Reply
                0x00801008                UART_Comand
                0x00801082                OutSTR_L
                0x00801083                UART_In_Buff_L
 COMMON         0x00801084      0x395 MPPT_PCB_MCU__IO.o
                0x00801084                ADC_Num_Avr_VoltCurr
                0x00801086                CAL_NTC_1_InvR25
                0x0080108a                AI_Over_Load
                0x0080108b                CAL_DAC_A1
                0x0080108f                AI_Volt
                0x00801093                AI_Offset
                0x00801097                CAL_NTC_2_RSer
                0x0080109b                ADC_Avr_Mult_VoltCurr
                0x0080109f                AI_NTC_Temp_1
                0x008010a3                ADC_Cycl_Avr_Buff_Volt
                0x00801237                CAL_RTD_A1
                0x0080123b                CAL_Bias_A1
                0x0080123f                DIOE_PORT_A_STATE
                0x00801240                ADC_Num_Avr_Other
                0x00801241                AI_Curr_Corr
                0x00801245                ADC_Cycl_Avr_Counter
                0x00801246                AI_Curr
                0x0080124a                CAL_NTC_2_InvBeta
                0x0080124e                AI_RTD_Temp
                0x00801252                ADC_Avr_Mult_Other
                0x00801256                CAL_NTC_2_InvR25
                0x0080125a                CAL_RTD_A0
                0x0080125e                ADC_Cycl_Avr_Buff_Curr
                0x008013f2                DIOE_PORT_B_STATE
                0x008013f3                CAL_Bias_A0
                0x008013f7                CAL_RTD_A2
                0x008013fb                AI_Under_Load
                0x008013fc                CAL_NTC_1_InvBeta
                0x00801400                CAL_DAC_A0
                0x00801404                CAL_NTC_1_RSer
                0x00801408                ADC_Cycl_Avr_VoltCurr
                0x00801409                AI_Bias
                0x0080140d                AI_NTC_Temp_2
                0x00801411                CAL_NTC_1_InvGain
                0x00801415                CAL_NTC_2_InvGain
 COMMON         0x00801419       0x14 MPPT_PCB_MCU__Main.o
                0x00801419                Temp_Sensor_Type
                0x0080141a                SysStatus_A
                0x0080141b                Timer_Temp_Meas_Counter
                0x0080141d                UartStatus
                0x0080141e                SysStatus_B
                0x0080141f                SysControl
                0x00801420                PV_Status
                0x00801421                SysConfig
                0x00801422                Timer_Temp_Meas_Match
                0x00801423                TimerMeas_Count
                0x00801424                TEMP_MAX_Heat_dissipation
                0x00801428                Timer_Control_Match
                0x00801429                Timer_CTR
                0x0080142a                EEMEM_Written
                0x0080142b                Timer_Control_Counter
                0x0080142c                TEMP_Heat_dissipation_devices
 COMMON         0x0080142d       0xa3 MPPT_PCB_MCU__LOAD_CTR.o
                0x0080142d                LOAD_CurrT_Min_Step_CND
                0x00801431                Temp_NTC2_MAX_DisCon
                0x00801435                Sample_Name
                0x0080144a                FAN_NTC1_T_On
                0x0080144e                PV_Volt_Setpoint
                0x00801452                BiasV_Error_Delay_Counter
                0x00801453                FAN_Switch_Counter
                0x00801455                Track_Power_Old
                0x00801459                Temp_NTC1_MAX_DisCon
                0x0080145d                LOAD_CurrT_Step_Increase_Fact
                0x00801461                Track_Status
                0x00801462                Temp_NTC1_MIN_ReCon
                0x00801466                LOAD_CurrT_Tolerance_CND
                0x0080146a                FAN_NTC2_T_On
                0x0080146e                Temp_NTC1_MAX_ReCon
                0x00801472                FAN_Power_Off
                0x00801476                LOAD_MPPT_Step_Increase_Fact
                0x0080147a                FAN_NTC1_T_Off
                0x0080147e                LOAD_CurrT_Max_Step_CND
                0x00801482                FAN_Power_On
                0x00801486                LOAD_MPPT_Max_Step_CND
                0x0080148a                PV_Mode_ACT
                0x0080148b                Temp_NTC2_MIN_DisCon
                0x0080148f                PV_Volt_DAC_ACT
                0x00801493                F_CPU_CAL
                0x00801497                Temp_NTC2_MAX_ReCon
                0x0080149b                Temp_NTC1_MIN_DisCon
                0x0080149f                FAN_Switch_Timer_Max
                0x008014a1                PV_Mode_CTR
                0x008014a2                LOAD_MPPT_Update_Counter
                0x008014a4                LOAD_MPPT_Step_Reduction_Fact
                0x008014a8                BiasV_Error_Timout_Counter
                0x008014a9                PV_Curr_Setpoint
                0x008014ad                LOAD_CurrT_Step_Reduction_Fact
                0x008014b1                LOAD_MPPT_Tolerance_CND
                0x008014b5                PV_Volt_DAQ_New
                0x008014b9                LOAD_MPPT_Min_Step_CND
                0x008014bd                LOAD_MPPT_Timer_Update_Delay
                0x008014bf                Track_Volt_Step_Size
                0x008014c3                FAN_CTR_State
                0x008014c4                FAN_NTC2_T_Off
                0x008014c8                Temp_NTC2_MIN_ReCon
                0x008014cc                PV_Active_Load_Power
 COMMON         0x008014d0       0x90 MPPT_PCB_MCU__Range.o
                0x008014d0                AI_Curr_Range_Val
                0x008014d4                AI_Curr_Scale
                0x008014d8                AI_Curr_Offset
                0x008014dc                Range_Status_B
                0x008014dd                Range_Volt_ID_Act
                0x008014de                Range_Curr_Val_Act
                0x008014e2                Range_Curr_Switch_Freq_Counter
                0x008014e4                Range_Status_A
                0x008014e5                Range_Curr_Switch_Freq_Ctr_Max
                0x008014e7                Threshold_Curr_Over_Range
                0x008014ff                Range_Curr_Enable
                0x00801500                AI_Volt_R_Leak
                0x00801504                Range_Volt_Val_Act
                0x00801508                Range_Volt_ID_Man
                0x00801509                Range_Volt_Switch_Delay_Ctr_Max
                0x0080150a                Range_Curr_ID_Man
                0x0080150b                AI_Volt_Scale
                0x0080150f                Threshold_Curr_Under_Range
                0x00801527                Range_Volt_Switch_Freq_Counter
                0x00801529                Range_Curr_Switch_Delay_Ctr_Max
                0x0080152a                Threshold_Volt_Over_Range
                0x0080153e                Range_Volt_Enable
                0x0080153f                Threshold_Volt_Under_Range
                0x00801553                Range_Volt_Switch_Delay_Counter
                0x00801554                Range_Curr_ID_Act
                0x00801555                Range_Curr_Switch_Delay_Counter
                0x00801556                Range_Volt_Switch_Freq_Ctr_Max
                0x00801558                AI_Volt_Range_Val
                0x0080155c                AI_Volt_Offset
 COMMON         0x00801560       0x21 MPPT_PCB_MCU__TEMP.o
                0x00801560                AI_HEAT_ADC_PRESENT_MASK
                0x00801561                AI_HEAT_NTC_Temp
 COMMON         0x00801581        0x2 c:/program files (x86)/atmel/studio/7.0/toolchain/avr8/avr8-gnu-toolchain/bin/../lib/gcc/avr/5.4.0/../../../../avr/lib/avr51\libc.a(errno.o)
                0x00801581                errno
                0x00801583                PROVIDE (__bss_end, .)
                0x00009afe                __data_load_start = LOADADDR (.data)
                0x00009ca0                __data_load_end = (__data_load_start + SIZEOF (.data))

.noinit         0x00801583        0x0
                [!provide]                PROVIDE (__noinit_start, .)
 *(.noinit*)
                [!provide]                PROVIDE (__noinit_end, .)
                0x00801583                _end = .
                [!provide]                PROVIDE (__heap_start, .)

.eeprom         0x00810000      0x18f
 *(.eeprom*)
 .eeprom        0x00810000        0xe MPPT_PCB_MCU__IV_Trans.o
                0x00810000                EROM_IV_Point_Meas_Nu_AVR_VoltCurr
                0x00810001                EROM_IV_Point_Meas_Nu_AVR_Sets
                0x00810002                EROM_IV_Point_Set_Delay_ms
                0x00810004                EROM_IV_Voc_Overshoot_Fact
                0x00810008                EROM_IV_Cos_Max_Phase
                0x0081000c                EROM_IV_Mode
                0x0081000d                EROM_IV_Meas_Points
 .eeprom        0x0081000e        0x2 MPPT_PCB_MCU__PI_CTR.o
                0x0081000e                EROM_PI_CTR_Int_ID
                0x0081000f                EROM_PI_CTR_Prop_ID
 .eeprom        0x00810010        0x1 MPPT_PCB_MCU__EROM.o
                0x00810010                Eeprom_VALID
 .eeprom        0x00810011       0x40 MPPT_PCB_MCU__IO.o
                0x00810011                EROM_CAL_DAC_A1
                0x00810015                EROM_CAL_DAC_A0
                0x00810019                EROM_CAL_NTC_2_InvBeta
                0x0081001d                EROM_CAL_NTC_2_InvR25
                0x00810021                EROM_CAL_NTC_2_RSer
                0x00810025                EROM_CAL_NTC_2_InvGain
                0x00810029                EROM_CAL_NTC_1_InvBeta
                0x0081002d                EROM_CAL_NTC_1_InvR25
                0x00810031                EROM_CAL_NTC_1_RSer
                0x00810035                EROM_CAL_NTC_1_InvGain
                0x00810039                EROM_CAL_RTD_A2
                0x0081003d                EROM_CAL_RTD_A1
                0x00810041                EROM_CAL_RTD_A0
                0x00810045                EROM_CAL_Bias_A1
                0x00810049                EROM_CAL_Bias_A0
                0x0081004d                EROM_ADC_Num_Avr_Other
                0x0081004e                EROM_ADC_Cycl_Avr_VoltCurr
                0x0081004f                EROM_ADC_Num_Avr_VoltCurr
 .eeprom        0x00810051        0xc MPPT_PCB_MCU__Main.o
                0x00810051                EROM_TEMP_Heat_dissipation_devices
                0x00810052                EROM_TEMP_MAX_Heat_dissipation
                0x00810056                EROM_Temp_Sensor_Type
                0x00810057                EROM_SysControl
                0x00810058                EROM_SysConfig
                0x00810059                EROM_Timer_Temp_Meas_Match
                0x0081005a                EROM_Timer_Control_Match
                0x0081005b                EROM_Loop_Timer_1_Comp_Match
 .eeprom        0x0081005d       0x8f MPPT_PCB_MCU__LOAD_CTR.o
                0x0081005d                EROM_FAN_Switch_Timer_Max
                0x0081005f                EROM_FAN_Power_OFF
                0x00810063                EROM_FAN_Power_ON
                0x00810067                EROM_FAN_NTC2_T_OFF
                0x0081006b                EROM_FAN_NTC2_T_ON
                0x0081006f                EROM_FAN_NTC1_T_OFF
                0x00810073                EROM_FAN_NTC1_T_ON
                0x00810077                EROM_FAN_CTR_Mode
                0x00810078                EROM_PV_Curr_Setpoint
                0x0081007c                EROM_PV_Volt_Setpoint
                0x00810080                EROM_PV_Mode_CTR
                0x00810081                EROM_LOAD_CurrT_Tolerance_CND
                0x00810085                EROM_LOAD_CurrT_Step_Reduction_Fact
                0x00810089                EROM_LOAD_CurrT_Step_Increase_Fact
                0x0081008d                EROM_LOAD_CurrT_Min_Step_CND
                0x00810091                EROM_LOAD_CurrT_Max_Step_CND
                0x00810095                EROM_LOAD_MPPT_Timer_Update_Delay
                0x00810097                EROM_LOAD_MPPT_Tolerance_CND
                0x0081009b                EROM_LOAD_MPPT_Step_Reduction_Fact
                0x0081009f                EROM_LOAD_MPPT_Step_Increase_Fact
                0x008100a3                EROM_LOAD_MPPT_Min_Step_CND
                0x008100a7                EROM_LOAD_MPPT_Max_Step_CND
                0x008100ab                EROM_BiasV_Range_Max
                0x008100af                EROM_BiasV_Range_Min
                0x008100b3                EROM_Temp_NTC2_MAX_ReCon
                0x008100b7                EROM_Temp_NTC2_MIN_ReCon
                0x008100bb                EROM_Temp_NTC2_MAX_DisCon
                0x008100bf                EROM_Temp_NTC2_MIN_DisCon
                0x008100c3                EROM_Temp_NTC1_MAX_ReCon
                0x008100c7                EROM_Temp_NTC1_MIN_ReCon
                0x008100cb                EROM_Temp_NTC1_MAX_DisCon
                0x008100cf                EROM_Temp_NTC1_MIN_DisCon
                0x008100d3                EROM_Sample_Name
                0x008100e8                EROM_F_CPU_CAL
 .eeprom        0x008100ec       0xa3 MPPT_PCB_MCU__Range.o
                0x008100ec                EROM_C_R6_Val_Nom
                0x008100f0                EROM_C_R6_A1
                0x008100f4                EROM_C_R6_A0
                0x008100f8                EROM_C_R5_Val_Nom
                0x008100fc                EROM_C_R5_A1
                0x00810100                EROM_C_R5_A0
                0x00810104                EROM_C_R4_Val_Nom
                0x00810108                EROM_C_R4_A1
                0x0081010c                EROM_C_R4_A0
                0x00810110                EROM_C_R3_Val_Nom
                0x00810114                EROM_C_R3_A1
                0x00810118                EROM_C_R3_A0
                0x0081011c                EROM_C_R2_Val_Nom
                0x00810120                EROM_C_R2_A1
                0x00810124                EROM_C_R2_A0
                0x00810128                EROM_C_R1_Val_Nom
                0x0081012c                EROM_C_R1_A1
                0x00810130                EROM_C_R1_A0
                0x00810134                EROM_V_R5_R_Leak
                0x00810138                EROM_V_R5_Val_Nom
                0x0081013c                EROM_V_R5_A1
                0x00810140                EROM_V_R5_A0
                0x00810144                EROM_V_R4_R_Leak
                0x00810148                EROM_V_R4_Val_Nom
                0x0081014c                EROM_V_R4_A1
                0x00810150                EROM_V_R4_A0
                0x00810154                EROM_V_R3_R_Leak
                0x00810158                EROM_V_R3_Val_Nom
                0x0081015c                EROM_V_R3_A1
                0x00810160                EROM_V_R3_A0
                0x00810164                EROM_V_R2_R_Leak
                0x00810168                EROM_V_R2_Val_Nom
                0x0081016c                EROM_V_R2_A1
                0x00810170                EROM_V_R2_A0
                0x00810174                EROM_V_R1_R_Leak
                0x00810178                EROM_V_R1_Val_Nom
                0x0081017c                EROM_V_R1_A1
                0x00810180                EROM_V_R1_A0
                0x00810184                EROM_Range_Volt_Switch_Delay_Ctr_Max
                0x00810185                EROM_Range_Curr_Switch_Delay_Ctr_Max
                0x00810186                EROM_Range_Volt_Switch_Freq_Ctr_Max
                0x00810188                EROM_Range_Curr_Switch_Freq_Ctr_Max
                0x0081018a                EROM_Range_Curr_Enable
                0x0081018b                EROM_Range_Volt_Enable
                0x0081018c                EROM_Range_Curr_ID_Man
                0x0081018d                EROM_Range_Volt_ID_Man
                0x0081018e                EROM_Range_Status_A
                0x0081018f                __eeprom_end = .

.fuse
 *(.fuse)
 *(.lfuse)
 *(.hfuse)
 *(.efuse)

.lock
 *(.lock*)

.signature
 *(.signature*)

.user_signatures
 *(.user_signatures*)

.stab
 *(.stab)

.stabstr
 *(.stabstr)

.stab.excl
 *(.stab.excl)

.stab.exclstr
 *(.stab.exclstr)

.stab.index
 *(.stab.index)

.stab.indexstr
 *(.stab.indexstr)

.comment        0x00000000       0x5c
 *(.comment)
 .comment       0x00000000       0x30 MPPT_PCB_MCU__IV_Trans.o
                                 0x31 (size before relaxing)
 .comment       0x00000030       0x31 MPPT_PCB_MCU__PI_CTR.o
 .comment       0x00000030       0x31 MPPT_PCB_MCU__com.o
 .comment       0x00000030       0x31 MPPT_PCB_MCU__EROM.o
 .comment       0x00000030       0x31 MPPT_PCB_MCU__IO.o
 .comment       0x00000030       0x31 MPPT_PCB_MCU__Main.o
 .comment       0x00000030       0x31 MPPT_PCB_MCU__LOAD_CTR.o
 .comment       0x00000030       0x31 MPPT_PCB_MCU__Range.o
 .comment       0x00000030       0x31 MPPT_PCB_MCU__TEMP.o
 .comment       0x00000030       0x31 c:/program files (x86)/atmel/studio/7.0/toolchain/avr8/avr8-gnu-toolchain/bin/../lib/gcc/avr/5.4.0/../../../../avr/lib/avr51\libc.a(dtostre.o)
 .comment       0x00000030       0x31 c:/program files (x86)/atmel/studio/7.0/toolchain/avr8/avr8-gnu-toolchain/bin/../lib/gcc/avr/5.4.0/../../../../avr/lib/avr51\libc.a(strtod.o)
 .comment       0x00000030       0x2c c:/program files (x86)/atmel/studio/7.0/toolchain/avr8/avr8-gnu-toolchain/bin/../lib/gcc/avr/5.4.0/../../../../avr/lib/avr51\libc.a(errno.o)
                                 0x2d (size before relaxing)

.note.gnu.avr.deviceinfo
                0x00000000       0x40
 .note.gnu.avr.deviceinfo
                0x00000000       0x40 C:/Program Files (x86)/Atmel/Studio/7.0/Packs/atmel/ATmega_DFP/1.7.374/gcc/dev/atmega1284/avr51/crtatmega1284.o

.note.gnu.build-id
 *(.note.gnu.build-id)

.debug
 *(.debug)

.line
 *(.line)

.debug_srcinfo
 *(.debug_srcinfo)

.debug_sfnames
 *(.debug_sfnames)

.debug_aranges  0x00000000       0x80
 *(.debug_aranges)
 .debug_aranges
                0x00000000       0x20 C:/Program Files (x86)/Atmel/Studio/7.0/Packs/atmel/ATmega_DFP/1.7.374/gcc/dev/atmega1284/avr51\libatmega1284.a(eerd_block.o)
 .debug_aranges
                0x00000020       0x20 C:/Program Files (x86)/Atmel/Studio/7.0/Packs/atmel/ATmega_DFP/1.7.374/gcc/dev/atmega1284/avr51\libatmega1284.a(eerd_byte.o)
 .debug_aranges
                0x00000040       0x20 C:/Program Files (x86)/Atmel/Studio/7.0/Packs/atmel/ATmega_DFP/1.7.374/gcc/dev/atmega1284/avr51\libatmega1284.a(eewr_block.o)
 .debug_aranges
                0x00000060       0x20 C:/Program Files (x86)/Atmel/Studio/7.0/Packs/atmel/ATmega_DFP/1.7.374/gcc/dev/atmega1284/avr51\libatmega1284.a(eewr_byte.o)

.debug_pubnames
 *(.debug_pubnames)

.debug_info     0x00000000      0xa00
 *(.debug_info .gnu.linkonce.wi.*)
 .debug_info    0x00000000      0x792 C:/Program Files (x86)/Atmel/Studio/7.0/Packs/atmel/ATmega_DFP/1.7.374/gcc/dev/atmega1284/avr51/crtatmega1284.o
 .debug_info    0x00000792       0x9c C:/Program Files (x86)/Atmel/Studio/7.0/Packs/atmel/ATmega_DFP/1.7.374/gcc/dev/atmega1284/avr51\libatmega1284.a(eerd_block.o)
 .debug_info    0x0000082e       0x9b C:/Program Files (x86)/Atmel/Studio/7.0/Packs/atmel/ATmega_DFP/1.7.374/gcc/dev/atmega1284/avr51\libatmega1284.a(eerd_byte.o)
 .debug_info    0x000008c9       0x9c C:/Program Files (x86)/Atmel/Studio/7.0/Packs/atmel/ATmega_DFP/1.7.374/gcc/dev/atmega1284/avr51\libatmega1284.a(eewr_block.o)
 .debug_info    0x00000965       0x9b C:/Program Files (x86)/Atmel/Studio/7.0/Packs/atmel/ATmega_DFP/1.7.374/gcc/dev/atmega1284/avr51\libatmega1284.a(eewr_byte.o)

.debug_abbrev   0x00000000      0x779
 *(.debug_abbrev)
 .debug_abbrev  0x00000000      0x729 C:/Program Files (x86)/Atmel/Studio/7.0/Packs/atmel/ATmega_DFP/1.7.374/gcc/dev/atmega1284/avr51/crtatmega1284.o
 .debug_abbrev  0x00000729       0x14 C:/Program Files (x86)/Atmel/Studio/7.0/Packs/atmel/ATmega_DFP/1.7.374/gcc/dev/atmega1284/avr51\libatmega1284.a(eerd_block.o)
 .debug_abbrev  0x0000073d       0x14 C:/Program Files (x86)/Atmel/Studio/7.0/Packs/atmel/ATmega_DFP/1.7.374/gcc/dev/atmega1284/avr51\libatmega1284.a(eerd_byte.o)
 .debug_abbrev  0x00000751       0x14 C:/Program Files (x86)/Atmel/Studio/7.0/Packs/atmel/ATmega_DFP/1.7.374/gcc/dev/atmega1284/avr51\libatmega1284.a(eewr_block.o)
 .debug_abbrev  0x00000765       0x14 C:/Program Files (x86)/Atmel/Studio/7.0/Packs/atmel/ATmega_DFP/1.7.374/gcc/dev/atmega1284/avr51\libatmega1284.a(eewr_byte.o)

.debug_line     0x00000000      0x3ad
 *(.debug_line .debug_line.* .debug_line_end)
 .debug_line    0x00000000      0x16a C:/Program Files (x86)/Atmel/Studio/7.0/Packs/atmel/ATmega_DFP/1.7.374/gcc/dev/atmega1284/avr51/crtatmega1284.o
 .debug_line    0x0000016a       0xab C:/Program Files (x86)/Atmel/Studio/7.0/Packs/atmel/ATmega_DFP/1.7.374/gcc/dev/atmega1284/avr51\libatmega1284.a(eerd_block.o)
 .debug_line    0x00000215       0x7a C:/Program Files (x86)/Atmel/Studio/7.0/Packs/atmel/ATmega_DFP/1.7.374/gcc/dev/atmega1284/avr51\libatmega1284.a(eerd_byte.o)
 .debug_line    0x0000028f       0x80 C:/Program Files (x86)/Atmel/Studio/7.0/Packs/atmel/ATmega_DFP/1.7.374/gcc/dev/atmega1284/avr51\libatmega1284.a(eewr_block.o)
 .debug_line    0x0000030f       0x9e C:/Program Files (x86)/Atmel/Studio/7.0/Packs/atmel/ATmega_DFP/1.7.374/gcc/dev/atmega1284/avr51\libatmega1284.a(eewr_byte.o)

.debug_frame
 *(.debug_frame)

.debug_str      0x00000000      0x296
 *(.debug_str)
 .debug_str     0x00000000      0x296 C:/Program Files (x86)/Atmel/Studio/7.0/Packs/atmel/ATmega_DFP/1.7.374/gcc/dev/atmega1284/avr51/crtatmega1284.o

.debug_loc
 *(.debug_loc)

.debug_macinfo
 *(.debug_macinfo)

.debug_weaknames
 *(.debug_weaknames)

.debug_funcnames
 *(.debug_funcnames)

.debug_typenames
 *(.debug_typenames)

.debug_varnames
 *(.debug_varnames)

.debug_pubtypes
 *(.debug_pubtypes)

.debug_ranges
 *(.debug_ranges)

.debug_macro
 *(.debug_macro)
OUTPUT(MPPT_PCB_MCU.elf elf32-avr)
LOAD linker stubs
